[joelpinheiro.github.io/index.html]
[backblue.gif]
[fade.gif]
[index.html]
[joelpinheiro.github.io/css/normalize.css]
[joelpinheiro.github.io/css/bootstrap.min.css]
[joelpinheiro.github.io/css/font-awesome.min.css]
[joelpinheiro.github.io/css/style.css]
[joelpinheiro.github.io/css/style-responsive.css]
[joelpinheiro.github.io/rs-plugin/css/settings.css]
[joelpinheiro.github.io/images/slide1.jpg]
[joelpinheiro.github.io/images/slide2.jpg]
[joelpinheiro.github.io/images/photo2.jpg]
[joelpinheiro.github.io/images/clients.png]
[joelpinheiro.github.io/cv/JOEL_PINHEIRO_CV_12022016.pdf]
[joelpinheiro.github.io/js/modernizr.js]
[joelpinheiro.github.io/js/jquery.sticky.js]
[joelpinheiro.github.io/js/jquery.easing-1.3.pack.js]
[joelpinheiro.github.io/js/bootstrap.min.js]
[joelpinheiro.github.io/js/jquery.parallax-1.1.3.js]
[joelpinheiro.github.io/js/jquery.appear.js]
[joelpinheiro.github.io/js/jquery.min.js]
[joelpinheiro.github.io/js/jquery.fitvids.js]
[joelpinheiro.github.io/js/jquery.flexslider.min.js]
[joelpinheiro.github.io/js/waypoints.min.js]
[joelpinheiro.github.io/js/jquery-countTo.js]
[joelpinheiro.github.io/js/swiper.min.js]
[joelpinheiro.github.io/js/easyPieChart.js]
[joelpinheiro.github.io/js/smoothscroll.js]
[joelpinheiro.github.io/js/jquery.isotope.min.js]
[joelpinheiro.github.io/js/gmap-settings.js]
[joelpinheiro.github.io/js/jquery.validate.min.js]
[joelpinheiro.github.io/js/jquery.nicescroll.min.js]
[joelpinheiro.github.io/js/script.js]
[www.google-analytics.com/analytics.js]
[joelpinheiro.github.io/rs-plugin/js/jquery.themepunch.revolution.min.js]
[joelpinheiro.github.io/rs-plugin/js/jquery.themepunch.tools.min.js]
[joelpinheiro.github.io/index.html]
[joelpinheiro.github.io/css/normalize.css]
[joelpinheiro.github.io/fonts/glyphicons-halflings-regular.eot]
[joelpinheiro.github.io/fonts/glyphicons-halflings-regulard41d.eot]
[joelpinheiro.github.io/fonts/glyphicons-halflings-regular.woff]
[joelpinheiro.github.io/fonts/glyphicons-halflings-regular.ttf]
[joelpinheiro.github.io/fonts/glyphicons-halflings-regular.svg]
[joelpinheiro.github.io/css/bootstrap.min.css]
[joelpinheiro.github.io/fonts/fontawesome-webfont78ce.woff]
[joelpinheiro.github.io/fonts/fontawesome-webfont78ce.ttf]
[joelpinheiro.github.io/fonts/fontawesome-webfont78ce.eot]
[joelpinheiro.github.io/fonts/fontawesome-webfontd41d.eot]
[joelpinheiro.github.io/fonts/fontawesome-webfont78ce.svg]
[joelpinheiro.github.io/css/font-awesome.min.css]
[joelpinheiro.github.io/img/preloader.gif]
[joelpinheiro.github.io/img/overlay.png]
[joelpinheiro.github.io/img/overlay-video.png]
[joelpinheiro.github.io/img/timeline-bg.jpg]
[joelpinheiro.github.io/img/left-arrow.png]
[joelpinheiro.github.io/img/right-arrow.png]
[joelpinheiro.github.io/img/slider_controls.png]
[joelpinheiro.github.io/css/style.css]
[joelpinheiro.github.io/css/style-responsive.css]
[joelpinheiro.github.io/rs-plugin/images/gradient/g30.png]
[joelpinheiro.github.io/rs-plugin/images/gradient/g40.png]
[joelpinheiro.github.io/rs-plugin/assets/shadow1.png]
[joelpinheiro.github.io/rs-plugin/assets/shadow2.png]
[joelpinheiro.github.io/rs-plugin/assets/shadow3.png]
[joelpinheiro.github.io/rs-plugin/assets/gridtile.png]
[joelpinheiro.github.io/rs-plugin/assets/gridtile_white.png]
[joelpinheiro.github.io/rs-plugin/assets/gridtile_3x3.png]
[joelpinheiro.github.io/rs-plugin/assets/gridtile_3x3_white.png]
[joelpinheiro.github.io/rs-plugin/assets/boxed_bgtile.png]
[joelpinheiro.github.io/rs-plugin/assets/navigdots_bgtile.png]
[joelpinheiro.github.io/rs-plugin/assets/bullet.png]
[joelpinheiro.github.io/rs-plugin/assets/bullets.png]
[joelpinheiro.github.io/rs-plugin/assets/bullets2.png]
[joelpinheiro.github.io/rs-plugin/assets/bullet_boxed.png]
[joelpinheiro.github.io/rs-plugin/assets/navigdots.png]
[joelpinheiro.github.io/rs-plugin/assets/large_left.png]
[joelpinheiro.github.io/rs-plugin/assets/large_right.png]
[joelpinheiro.github.io/rs-plugin/assets/small_left.png]
[joelpinheiro.github.io/rs-plugin/assets/small_right.png]
[joelpinheiro.github.io/rs-plugin/assets/arrow_left.png]
[joelpinheiro.github.io/rs-plugin/assets/arrow_right.png]
[joelpinheiro.github.io/rs-plugin/assets/small_left_boxed.png]
[joelpinheiro.github.io/rs-plugin/assets/small_right_boxed.png]
[joelpinheiro.github.io/rs-plugin/assets/arrowleft.png]
[joelpinheiro.github.io/rs-plugin/assets/arrowright.png]
[joelpinheiro.github.io/rs-plugin/assets/arrow_left2.png]
[joelpinheiro.github.io/rs-plugin/assets/arrow_right2.png]
[joelpinheiro.github.io/rs-plugin/assets/timer.png]
[joelpinheiro.github.io/rs-plugin/assets/coloredbg.png]
[joelpinheiro.github.io/rs-plugin/assets/loader.gif]
[joelpinheiro.github.io/rs-plugin/font/revicons90c6.woff]
[joelpinheiro.github.io/rs-plugin/font/revicons90c6.ttf]
[joelpinheiro.github.io/rs-plugin/font/revicons90c6.eot]
[joelpinheiro.github.io/rs-plugin/font/revicons90c6.svg]
[joelpinheiro.github.io/rs-plugin/css/settings.css]
[joelpinheiro.github.io/fonts/glyphicons-halflings-regular.html]
[joelpinheiro.github.io/fonts/glyphicons-halflings-regulard41d.html]
[joelpinheiro.github.io/fonts/glyphicons-halflings-regular-2.html]
[joelpinheiro.github.io/fonts/glyphicons-halflings-regular-3.html]
[joelpinheiro.github.io/fonts/glyphicons-halflings-regular-4.html]
[joelpinheiro.github.io/fonts/fontawesome-webfont78ce.svg]
[joelpinheiro.github.io/rs-plugin/font/revicons90c6.svg]
